JPEXS Free Flash Decompiler v.26.2.1
------------------------------------
Exporting images...
Exporting shapes...
Exported shape 1/24 DefineShape4 (chid: 1)
Exported shape 2/24 DefineShape4 (chid: 3)
Exported shape 3/24 DefineShape (chid: 4)
Exported shape 4/24 DefineShape4 (chid: 6)
Exported shape 5/24 DefineShape4 (chid: 9)
Exported shape 6/24 DefineShape (chid: 10)
Exported shape 7/24 DefineShape (chid: 13)
Exported shape 8/24 DefineShape4 (chid: 14)
Exported shape 9/24 DefineShape3 (chid: 15)
Exported shape 10/24 DefineShape4 (chid: 17)
Exported shape 11/24 DefineShape4 (chid: 18)
Exported shape 12/24 DefineShape4 (chid: 20)
Exported shape 13/24 DefineShape4 (chid: 22)
Exported shape 14/24 DefineShape4 (chid: 23)
Exported shape 15/24 DefineShape4 (chid: 26)
Exported shape 16/24 DefineShape4 (chid: 28)
Exported shape 17/24 DefineShape3 (chid: 30)
Exported shape 18/24 DefineShape4 (chid: 33)
Exported shape 19/24 DefineShape4 (chid: 34)
Exported shape 20/24 DefineShape4 (chid: 39)
Exported shape 21/24 DefineShape3 (chid: 40)
Exported shape 22/24 DefineShape (chid: 42)
Exported shape 23/24 DefineShape (chid: 44)
Exported shape 24/24 DefineShape3 (chid: 45)
Exporting morphshapes...
Exporting movies...
Exporting fonts...
Exported font 1/1 DefineFont3 (chid: 7, fn: "_sans")
Exporting DefineFont4s...
Exporting sounds...
Exporting binaryData...
Exporting symbolClass...
Exporting texts...
Exported text 1/5 DefineEditText (chid: 8)
Exported text 2/5 DefineEditText (chid: 12)
Exported text 3/5 DefineEditText (chid: 32)
Exported text 4/5 DefineEditText (chid: 35)
Exported text 5/5 DefineEditText (chid: 38)
Exporting frames...
Exported frame 1/1 
Exporting sprite...
Exported frame 1/1 DefineSprite (chid: 2)
Exported frame 1/1 DefineSprite (chid: 5)
Exported frame 1/1 DefineSprite (chid: 11)
Exported frame 1/1 DefineSprite (chid: 24)
Exported frame 1/1 DefineSprite (chid: 29)
Exported frame 1/1 DefineSprite (chid: 36)
Exported frame 1/1 DefineSprite (chid: 37, cls: com.taomee.seer2.module.app.UI.PetSkinPanelUI)
Exported frame 1/1 DefineSprite (chid: 41)
Exported frame 1/1 DefineSprite (chid: 43)
Exported frame 1/10 DefineSprite (chid: 46)
Exported frame 2/10 DefineSprite (chid: 46)
Exported frame 3/10 DefineSprite (chid: 46)
Exported frame 4/10 DefineSprite (chid: 46)
Exported frame 5/10 DefineSprite (chid: 46)
Exported frame 6/10 DefineSprite (chid: 46)
Exported frame 7/10 DefineSprite (chid: 46)
Exported frame 8/10 DefineSprite (chid: 46)
Exported frame 9/10 DefineSprite (chid: 46)
Exported frame 10/10 DefineSprite (chid: 46)
Exported frame 1/1 DefineSprite (chid: 47)
Exported frame 1/1 DefineSprite (chid: 48, cls: com.taomee.seer2.module.app.UI.PetCellUI)
Exporting buttons...
Exported frame 1/4 DefineButton2 (chid: 16)
Exported frame 2/4 DefineButton2 (chid: 16)
Exported frame 3/4 DefineButton2 (chid: 16)
Exported frame 4/4 DefineButton2 (chid: 16)
Exported frame 1/4 DefineButton2 (chid: 19)
Exported frame 2/4 DefineButton2 (chid: 19)
Exported frame 3/4 DefineButton2 (chid: 19)
Exported frame 4/4 DefineButton2 (chid: 19)
Exported frame 1/4 DefineButton2 (chid: 21)
Exported frame 2/4 DefineButton2 (chid: 21)
Exported frame 3/4 DefineButton2 (chid: 21)
Exported frame 4/4 DefineButton2 (chid: 21)
Exported frame 1/4 DefineButton2 (chid: 25)
Exported frame 2/4 DefineButton2 (chid: 25)
Exported frame 3/4 DefineButton2 (chid: 25)
Exported frame 4/4 DefineButton2 (chid: 25)
Exported frame 1/4 DefineButton2 (chid: 27)
Exported frame 2/4 DefineButton2 (chid: 27)
Exported frame 3/4 DefineButton2 (chid: 27)
Exported frame 4/4 DefineButton2 (chid: 27)
Exported frame 1/4 DefineButton2 (chid: 31)
Exported frame 2/4 DefineButton2 (chid: 31)
Exported frame 3/4 DefineButton2 (chid: 31)
Exported frame 4/4 DefineButton2 (chid: 31)
Exporting scripts...
Exported script 4/4 com.taomee.seer2.module.app.UI.PetCellUI, 00:00.069
Exported script 2/4 com.taomee.seer2.module.app.UI.PetSkinPanelUI, 00:00.074
Exported script 1/4 com.taomee.seer2.module.app.PetSkinPanel, 00:00.583
Exported script 3/4 com.taomee.seer2.module.app.PetCell, 00:00.613
Export finished. Total export time: 00:02.664
OK
