JPEXS Free Flash Decompiler v.26.2.1
------------------------------------
Exporting scripts...
Exported script 19/53 com.taomee.seer2.module.app.petDictionary.config.configInfo.SuitInfo, 00:00.231
Exported script 18/53 com.taomee.seer2.module.app.petDictionary.config.configInfo.InitialPetRewardInfo, 00:00.301
Exported script 6/53 com.taomee.seer2.module.app.newPetDictionary.NewPetDicsEvent, 00:00.399
Exported script 5/53 com.taomee.seer2.module.app.moduleCommon.PetFeatureIcon, 00:00.430
Exported script 7/53 com.taomee.seer2.module.app.newPetDictionary.NewPetDicsListAndDetailPanel, 00:00.456
Exported script 21/53 com.taomee.seer2.module.app.petDictionary.config.configInfo.ThirdPetRewardInfo, 00:00.162
Exported script 4/53 com.taomee.seer2.module.app.moduleCommon.PetEmblemIcon, 00:00.518
Exported script 24/53 com.taomee.seer2.module.app.petDictionary.config.PetDictionaryConfig__xmlClass, 00:00.061
Exported script 22/53 com.taomee.seer2.module.app.petDictionary.config.configInfo.TrainRewardInfo, 00:00.124
Exported script 26/53 com.taomee.seer2.module.app.petDictionary.DictionaryCellUI, 00:00.013
Exported script 14/53 com.taomee.seer2.module.app.petDictionary.collectReward.InitialPetCollectCell, 00:00.520
Exported script 3/53 com.taomee.seer2.module.app.moduleCommon.PetDecorationIcon, 00:00.531
Exported script 20/53 com.taomee.seer2.module.app.petDictionary.config.configInfo.SuitRewardInfo, 00:00.251
Exported script 2/53 com.taomee.seer2.module.app.moduleCommon.PageBar, 00:00.585
Exported script 15/53 com.taomee.seer2.module.app.petDictionary.collectReward.SuitCollectCell, 00:00.576
Exported script 9/53 com.taomee.seer2.module.app.newPetDictionary.NewPetDicsListPanel, 00:00.584
Exported script 16/53 com.taomee.seer2.module.app.petDictionary.collectReward.SuitCollectPanel, 00:00.625
Exported script 29/53 com.taomee.seer2.module.app.petDictionary.InitialPetCollecteCellUI_1, 00:00.110
Exported script 11/53 com.taomee.seer2.module.app.newPetDictionary.NewPetDicsPetListPanel, 00:00.641
Exported script 28/53 com.taomee.seer2.module.app.petDictionary.InitialPetCollecteCellUI, 00:00.121
Exported script 17/53 com.taomee.seer2.module.app.petDictionary.collectReward.ThirdPetCollectCell, 00:00.630
Exported script 38/53 com.taomee.seer2.module.app.petDictionary.TipUI_10, 00:00.068
Exported script 27/53 com.taomee.seer2.module.app.petDictionary.event.PetDictionaryEvent, 00:00.222
Exported script 31/53 com.taomee.seer2.module.app.petDictionary.PetDictionaryCollectRewardPanel, 00:00.257
Exported script 10/53 com.taomee.seer2.module.app.newPetDictionary.NewPetDicsPetDetailPanel, 00:00.810
Exported script 42/53 com.taomee.seer2.module.app.petDictionary.TipUI_5, 00:00.082
Exported script 37/53 com.taomee.seer2.module.app.petDictionary.TipUI_1, 00:00.186
Exported script 39/53 com.taomee.seer2.module.app.petDictionary.TipUI_2, 00:00.182
Exported script 13/53 com.taomee.seer2.module.app.newPetDictionary.NewPetDictionaryTabBar, 00:00.833
Exported script 41/53 com.taomee.seer2.module.app.petDictionary.TipUI_4, 00:00.160
Exported script 33/53 com.taomee.seer2.module.app.petDictionary.PetsCollectionPanelUI, 00:00.255
Exported script 46/53 com.taomee.seer2.module.app.petDictionary.TipUI_9, 00:00.050
Exported script 45/53 com.taomee.seer2.module.app.petDictionary.TipUI_8, 00:00.056
Exported script 23/53 com.taomee.seer2.module.app.petDictionary.config.PetDictionaryConfig, 00:00.452
Exported script 43/53 com.taomee.seer2.module.app.petDictionary.TipUI_6, 00:00.101
Exported script 30/53 com.taomee.seer2.module.app.petDictionary.parser.PetAttributeParser, 00:00.368
Exported script 44/53 com.taomee.seer2.module.app.petDictionary.TipUI_7, 00:00.101
Exported script 40/53 com.taomee.seer2.module.app.petDictionary.TipUI_3, 00:00.240
Exported script 1/53 com.taomee.seer2.module.app.newPetDictionary.PetDictionary, 00:00.959
Exported script 50/53 NewPetDicsListCellUI, 00:00.194
Exported script 48/53 NewPetDicMainUI, 00:00.220
Exported script 51/53 NewPetDicsPropertySearchUI, 00:00.198
Exported script 35/53 com.taomee.seer2.module.app.petDictionary.suitCollecteCellUI, 00:00.452
Exported script 34/53 com.taomee.seer2.module.app.petDictionary.PetTrainRewardCell, 00:00.465
Exported script 36/53 com.taomee.seer2.module.app.petDictionary.suitCollectePanelUI, 00:00.462
Exported script 32/53 com.taomee.seer2.module.app.petDictionary.PetDictionaryTrainRewardPanel, 00:00.575
Exported script 52/53 NewPetDicTabBarUI, 00:00.236
Exported script 49/53 NewPetDicsDetailUI, 00:00.254
Exported script 12/53 com.taomee.seer2.module.app.newPetDictionary.NewPetDicsPropertySearch, 00:01.123
Exported script 25/53 com.taomee.seer2.module.app.petDictionary.data.PetDictionaryDataServer, 00:00.615
Exported script 47/53 com.taomee.seer2.module.app.petDictionary.trainReward.TrainRewardCell, 00:00.351
Exported script 53/53 PetListChangePageUI, 00:00.296
Exported script 8/53 com.taomee.seer2.module.app.newPetDictionary.NewPetDicsListCell, 00:01.189
Export finished. Total export time: 00:02.217
OK
