JPEXS Free Flash Decompiler v.26.2.1
------------------------------------
Exporting scripts...
Exported script 5/53 com.taomee.seer2.module.app.moduleCommon.PetFeatureIcon, 00:00.164
Exported script 19/53 com.taomee.seer2.module.app.petDictionary.config.configInfo.SuitInfo, 00:00.198
Exported script 18/53 com.taomee.seer2.module.app.petDictionary.config.configInfo.InitialPetRewardInfo, 00:00.209
Exported script 3/53 com.taomee.seer2.module.app.moduleCommon.PetDecorationIcon, 00:00.235
Exported script 7/53 com.taomee.seer2.module.app.newPetDictionary.NewPetDicsListAndDetailPanel, 00:00.278
Exported script 4/53 com.taomee.seer2.module.app.moduleCommon.PetEmblemIcon, 00:00.283
Exported script 14/53 com.taomee.seer2.module.app.petDictionary.collectReward.InitialPetCollectCell, 00:00.274
Exported script 6/53 com.taomee.seer2.module.app.newPetDictionary.NewPetDicsEvent, 00:00.285
Exported script 24/53 com.taomee.seer2.module.app.petDictionary.config.PetDictionaryConfig__xmlClass, 00:00.008
Exported script 9/53 com.taomee.seer2.module.app.newPetDictionary.NewPetDicsListPanel, 00:00.285
Exported script 13/53 com.taomee.seer2.module.app.newPetDictionary.NewPetDictionaryTabBar, 00:00.319
Exported script 26/53 com.taomee.seer2.module.app.petDictionary.DictionaryCellUI, 00:00.045
Exported script 15/53 com.taomee.seer2.module.app.petDictionary.collectReward.SuitCollectCell, 00:00.327
Exported script 10/53 com.taomee.seer2.module.app.newPetDictionary.NewPetDicsPetDetailPanel, 00:00.330
Exported script 17/53 com.taomee.seer2.module.app.petDictionary.collectReward.ThirdPetCollectCell, 00:00.330
Exported script 16/53 com.taomee.seer2.module.app.petDictionary.collectReward.SuitCollectPanel, 00:00.337
Exported script 2/53 com.taomee.seer2.module.app.moduleCommon.PageBar, 00:00.350
Exported script 11/53 com.taomee.seer2.module.app.newPetDictionary.NewPetDicsPetListPanel, 00:00.340
Exported script 37/53 com.taomee.seer2.module.app.petDictionary.TipUI_1, 00:00.017
Exported script 12/53 com.taomee.seer2.module.app.newPetDictionary.NewPetDicsPropertySearch, 00:00.356
Exported script 39/53 com.taomee.seer2.module.app.petDictionary.TipUI_2, 00:00.003
Exported script 21/53 com.taomee.seer2.module.app.petDictionary.config.configInfo.ThirdPetRewardInfo, 00:00.159
Exported script 38/53 com.taomee.seer2.module.app.petDictionary.TipUI_10, 00:00.008
Exported script 41/53 com.taomee.seer2.module.app.petDictionary.TipUI_4, 00:00.004
Exported script 40/53 com.taomee.seer2.module.app.petDictionary.TipUI_3, 00:00.009
Exported script 1/53 com.taomee.seer2.module.app.newPetDictionary.PetDictionary, 00:00.420
Exported script 36/53 com.taomee.seer2.module.app.petDictionary.suitCollectePanelUI, 00:00.069
Exported script 33/53 com.taomee.seer2.module.app.petDictionary.PetsCollectionPanelUI, 00:00.080
Exported script 43/53 com.taomee.seer2.module.app.petDictionary.TipUI_6, 00:00.043
Exported script 35/53 com.taomee.seer2.module.app.petDictionary.suitCollecteCellUI, 00:00.072
Exported script 34/53 com.taomee.seer2.module.app.petDictionary.PetTrainRewardCell, 00:00.083
Exported script 22/53 com.taomee.seer2.module.app.petDictionary.config.configInfo.TrainRewardInfo, 00:00.205
Exported script 20/53 com.taomee.seer2.module.app.petDictionary.config.configInfo.SuitRewardInfo, 00:00.253
Exported script 29/53 com.taomee.seer2.module.app.petDictionary.InitialPetCollecteCellUI_1, 00:00.129
Exported script 31/53 com.taomee.seer2.module.app.petDictionary.PetDictionaryCollectRewardPanel, 00:00.106
Exported script 44/53 com.taomee.seer2.module.app.petDictionary.TipUI_7, 00:00.059
Exported script 42/53 com.taomee.seer2.module.app.petDictionary.TipUI_5, 00:00.065
Exported script 32/53 com.taomee.seer2.module.app.petDictionary.PetDictionaryTrainRewardPanel, 00:00.102
Exported script 45/53 com.taomee.seer2.module.app.petDictionary.TipUI_8, 00:00.023
Exported script 30/53 com.taomee.seer2.module.app.petDictionary.parser.PetAttributeParser, 00:00.111
Exported script 46/53 com.taomee.seer2.module.app.petDictionary.TipUI_9, 00:00.024
Exported script 8/53 com.taomee.seer2.module.app.newPetDictionary.NewPetDicsListCell, 00:00.441
Exported script 28/53 com.taomee.seer2.module.app.petDictionary.InitialPetCollecteCellUI, 00:00.159
Exported script 23/53 com.taomee.seer2.module.app.petDictionary.config.PetDictionaryConfig, 00:00.226
Exported script 50/53 NewPetDicsListCellUI, 00:00.038
Exported script 52/53 NewPetDicTabBarUI, 00:00.045
Exported script 49/53 NewPetDicsDetailUI, 00:00.058
Exported script 27/53 com.taomee.seer2.module.app.petDictionary.event.PetDictionaryEvent, 00:00.192
Exported script 47/53 com.taomee.seer2.module.app.petDictionary.trainReward.TrainRewardCell, 00:00.061
Exported script 51/53 NewPetDicsPropertySearchUI, 00:00.053
Exported script 48/53 NewPetDicMainUI, 00:00.064
Exported script 53/53 PetListChangePageUI, 00:00.059
Exported script 25/53 com.taomee.seer2.module.app.petDictionary.data.PetDictionaryDataServer, 00:00.214
Export finished. Total export time: 00:01.487
OK
