JPEXS Free Flash Decompiler v.26.2.1
------------------------------------
Exporting scripts...
Exported script 6/110 mz_4, 00:00.118
Exported script 13/110 com.taomee.seer2.module.app.appraisal.IResetable, 00:00.117
Exported script 5/110 ssp, 00:00.124
Exported script 10/110 pf_1, 00:00.125
Exported script 9/110 mz_2, 00:00.124
Exported script 1/110 PetBagModuleCompiler, 00:00.130
Exported script 17/110 AvailableSkillUI, 00:00.127
Exported script 7/110 mz_3, 00:00.130
Exported script 12/110 pf_4, 00:00.130
Exported script 19/110 mz_1, 00:00.128
Exported script 15/110 CandidateSkillUI, 00:00.138
Exported script 3/110 TabUI, 00:00.190
Exported script 16/110 CriticalSkillCellUI, 00:00.198
Exported script 29/110 qdzy_4, 00:00.099
Exported script 24/110 PetItemBagUI, 00:00.161
Exported script 30/110 jg_103, 00:00.182
Exported script 28/110 staricon0, 00:00.202
Exported script 34/110 tg_1, 00:00.066
Exported script 37/110 tg_4, 00:00.074
Exported script 27/110 com.taomee.seer2.module.app.appraisal.AppraisalResultPanelUI, 00:00.320
Exported script 33/110 SelectSkillUI, 00:00.255
Exported script 31/110 tg_2, 00:00.288
Exported script 2/110 com.taomee.seer2.module.app.starMagic.StarMagicTip, 00:00.503
Exported script 20/110 com.taomee.seer2.module.app.moduleCommon.PetFeatureIcon, 00:00.393
Exported script 32/110 tg_3, 00:00.318
Exported script 35/110 PetCellResUI, 00:00.237
Exported script 40/110 kb_9, 00:00.104
Exported script 42/110 PetBagBgUI, 00:00.196
Exported script 11/110 com.taomee.seer2.module.app.versionOnePetBagPanel.PetSkillPanel, 00:00.783
Exported script 47/110 GraspHideSkillUI, 00:00.099
Exported script 14/110 com.taomee.seer2.module.app.versionOnePetBagPanel.PetTabPanel, 00:00.798
Exported script 46/110 sb_4, 00:00.230
Exported script 50/110 sb_3, 00:00.037
Exported script 39/110 ItemCellUI, 00:00.345
Exported script 36/110 SetPotentionUI, 00:00.537
Exported script 22/110 com.taomee.seer2.module.app.versionOnePetBagPanel.petSkillPanel.selectSkillPanel.HideSkillCheck, 00:00.856
Exported script 43/110 com.taomee.seer2.module.app.versionOnePetBagPanel.PetAbilityPanel, 00:00.505
Exported script 44/110 com.taomee.seer2.module.app.versionOnePetBagPanel.petSkillPanel.GetedSkillPanel, 00:00.522
Exported script 48/110 com.taomee.seer2.module.app.moduleCommon.PetDecorationIcon, 00:00.274
Exported script 23/110 com.taomee.seer2.module.app.moduleCommon.PetEmblemIcon, 00:00.930
Exported script 25/110 com.taomee.seer2.module.app.versionOnePetBagPanel.petSkillPanel.BaseSkillPanel, 00:00.926
Exported script 49/110 sb_1, 00:00.247
Exported script 51/110 sb_2, 00:00.277
Exported script 26/110 com.taomee.seer2.module.app.versionOnePetBagPanel.petSkillPanel.selectSkillPanel.CandidateSkillPanel, 00:00.989
Exported script 4/110 com.taomee.seer2.module.app.versionOnePetBagPanel.PetListPanel, 00:01.124
Exported script 45/110 com.taomee.seer2.module.app.petBag.event.PetBagEvent, 00:00.568
Exported script 61/110 js_4, 00:00.080
Exported script 62/110 tf_3, 00:00.045
Exported script 18/110 com.taomee.seer2.module.app.versionOnePetBagPanel.petInfoPanel.BaseInfoPanel, 00:01.169
Exported script 41/110 com.taomee.seer2.module.app.versionOnePetBagPanel.petSkillPanel.selectSkillPanel.graspHideSkillPanel.HideSkillAlertPanel, 00:00.685
Exported script 65/110 tf_2, 00:00.070
Exported script 68/110 PetSkillUI, 00:00.027
Exported script 63/110 tf_4, 00:00.077
Exported script 64/110 tf_1, 00:00.060
Exported script 54/110 SetQualityUI, 00:00.326
Exported script 71/110 qdzy_102, 00:00.154
Exported script 57/110 bagShowPanel, 00:00.306
Exported script 58/110 ApprisalAni, 00:00.308
Exported script 52/110 NormalSkillCellUI, 00:00.532
Exported script 74/110 sm_5, 00:00.127
Exported script 56/110 com.taomee.seer2.module.app.versionOnePetBagPanel.util.skill.CriticalSkillCell, 00:00.435
Exported script 66/110 com.taomee.seer2.module.app.petBag.data.PetBagDataService, 00:00.327
Exported script 73/110 sm_6, 00:00.304
Exported script 78/110 wg_4, 00:00.151
Exported script 80/110 wg_2, 00:00.089
Exported script 79/110 wg_3, 00:00.224
Exported script 77/110 PetListUI, 00:00.237
Exported script 69/110 BasePetAblilityUI, 00:00.411
Exported script 82/110 sm_2, 00:00.090
Exported script 55/110 com.taomee.seer2.module.app.versionOnePetBagPanel.util.skill.BaseSkillCell, 00:00.599
Exported script 81/110 wg_1, 00:00.252
Exported script 83/110 sm_1, 00:00.221
Exported script 60/110 com.taomee.seer2.module.app.appraisal.AppraisalResultPanel, 00:00.700
Exported script 86/110 dsp, 00:00.168
Exported script 92/110 bj_4, 00:00.015
Exported script 85/110 sm_3, 00:00.182
Exported script 8/110 com.taomee.seer2.module.app.versionOnePetBagPanel.util.PetCell, 00:01.780
Exported script 70/110 com.taomee.seer2.module.app.versionOnePetBagPanel.petAbilityPanel.BasePetAblilityPanel, 00:00.592
Exported script 90/110 bj_3, 00:00.053
Exported script 93/110 bj_1, 00:00.030
Exported script 75/110 com.taomee.seer2.module.app.versionOnePetBagPanel.PetBagPanel, 00:00.427
Exported script 59/110 com.taomee.seer2.module.app.versionOnePetBagPanel.petSkillPanel.SelectSkillPanel, 00:00.722
Exported script 84/110 sm_4, 00:00.239
Exported script 67/110 com.taomee.seer2.module.app.versionOnePetBagPanel.util.PetIconPreviewViewport, 00:00.656
Exported script 94/110 bj_2, 00:00.057
Exported script 38/110 com.taomee.seer2.module.app.versionOnePetBagPanel.petInfoPanel.SetQualityPanel, 00:01.502
Exported script 102/110 HideSkillAlertUI, 00:00.139
Exported script 91/110 com.taomee.seer2.module.app.petRide.PetRideHelper, 00:00.214
Exported script 101/110 StarTip, 00:00.153
Exported script 99/110 GraspSkillGetUI, 00:00.158
Exported script 104/110 com.taomee.seer2.module.app.versionOnePetBagPanel.util.skill.NoramlSkillCell, 00:00.117
Exported script 89/110 PetDemoUI, 00:00.358
Exported script 72/110 com.taomee.seer2.module.app.versionOnePetBagPanel.PetInfoPanel, 00:00.884
Exported script 76/110 com.taomee.seer2.module.app.versionOnePetBagPanel.petInfoPanel.SetPotentionPanel, 00:00.548
Exported script 107/110 wf_2, 00:00.157
Exported script 108/110 wf_1, 00:00.160
Exported script 103/110 com.taomee.seer2.module.app.petBag.helper.PetBagLearningPointHelper, 00:00.308
Exported script 106/110 wf_3, 00:00.296
Exported script 96/110 com.taomee.seer2.module.app.versionOnePetBagPanel.petSkillPanel.selectSkillPanel.AvailableSkillPanel, 00:00.513
Exported script 110/110 PetInfoUI, 00:00.364
Exported script 87/110 com.taomee.seer2.module.app.versionOnePetBagPanel.PanelTab, 00:00.717
Exported script 100/110 com.taomee.seer2.module.app.versionOnePetBagPanel.util.skill.GraspSkillCell, 00:00.543
Exported script 97/110 com.taomee.seer2.module.app.versionOnePetBagPanel.util.PetItemCell, 00:00.557
Exported script 98/110 com.taomee.seer2.module.app.versionOnePetBagPanel.petSkillPanel.selectSkillPanel.GraspHideSkillPanel, 00:00.594
Exported script 88/110 com.taomee.seer2.module.app.starMagic.StarMagicIcon, 00:00.784
Exported script 21/110 com.taomee.seer2.module.app.versionOnePetBagPanel.PetItemBagPanel, 00:02.310
Exported script 105/110 wf_4, 00:00.504
Exported script 53/110 com.taomee.seer2.module.app.versionOnePetBagPanel.PetDemoPanel, 00:01.596
Exported script 109/110 _a90bf052409810897ab2659709b6b35312b0895b40d46824643cd7b08c57b0fb_flash_display_Sprite, 00:00.480
Exported script 95/110 com.taomee.seer2.module.app.starMagic.StarBagShowPanel, 00:00.663
Export finished. Total export time: 00:03.605
OK
